// Jest Snapshot v1, https://goo.gl/fbAQLP

exports[`it renders Team 1`] = `ShallowWrapper {}`;
